// Jest Snapshot v1, https://goo.gl/fbAQLP

exports[`renders a complex list of items with the correct indexes 1`] = `
[MockFunction] {
  "calls": Array [
    Array [
      Object {
        "children": Array [
          Object {
            "children": Array [
              Object {
                "value": "fuji",
              },
              Object {
                "value": "gala",
              },
              Object {
                "value": "honeycrisp",
              },
            ],
            "value": "apples",
          },
          Object {
            "children": Array [
              Object {
                "value": "mandarin",
              },
              Object {
                "value": "naval",
              },
              Object {
                "value": "tangerine",
              },
            ],
            "value": "apples",
          },
          Object {
            "children": Array [
              Object {
                "value": "anjou",
              },
              Object {
                "value": "asian",
              },
              Object {
                "value": "bosc",
              },
            ],
            "value": "pears",
          },
        ],
      },
      Map {
        "0.1" => Object {
          "value": "fuji",
        },
        "0.2" => Object {
          "value": "gala",
        },
        "0.3" => Object {
          "value": "honeycrisp",
        },
        "0" => Object {
          "value": "apples",
        },
        "1.1" => Object {
          "value": "mandarin",
        },
        "1.2" => Object {
          "value": "naval",
        },
        "1.3" => Object {
          "value": "tangerine",
        },
        "1" => Object {
          "value": "apples",
        },
        "2.1" => Object {
          "value": "anjou",
        },
        "2.2" => Object {
          "value": "asian",
        },
        "2.3" => Object {
          "value": "bosc",
        },
        "2" => Object {
          "value": "pears",
        },
      },
    ],
  ],
  "results": Array [
    Object {
      "type": "return",
      "value": undefined,
    },
  ],
}
`;
