// Jest Snapshot v1, https://goo.gl/fbAQLP

exports[`changing rendered elements based on computed data 1`] = `"<div hidden id=\\"S:1\\"></div><script>function $RS(a,b){a=document.getElementById(a);b=document.getElementById(b);for(a.parentNode.removeChild(a);a.firstChild;)b.parentNode.insertBefore(a.firstChild,b);b.parentNode.removeChild(b)};$RS(\\"S:1\\",\\"P:1\\")</script><script>function $RC(a,b){a=document.getElementById(a);b=document.getElementById(b);b.parentNode.removeChild(b);if(a){a=a.previousSibling;var f=a.parentNode,c=a.nextSibling,e=0;do{if(c&&8===c.nodeType){var d=c.data;if(\\"/$\\"===d)if(0===e)break;else e--;else\\"$\\"!==d&&\\"$?\\"!==d&&\\"$!\\"!==d||e++}d=c.nextSibling;f.removeChild(c);c=d}while(c);for(;b.firstChild;)f.insertBefore(b.firstChild,c);a.data=\\"$\\";a._reactRetry&&a._reactRetry()}};$RC(\\"B:0\\",\\"S:0\\")</script>"`;

exports[`server-side rendering 1`] = `"<div hidden id=\\"S:1\\"><div data-testid=\\"0\\">3<!-- --> <!-- -->Apple</div></div><script>function $RS(a,b){a=document.getElementById(a);b=document.getElementById(b);for(a.parentNode.removeChild(a);a.firstChild;)b.parentNode.insertBefore(a.firstChild,b);b.parentNode.removeChild(b)};$RS(\\"S:1\\",\\"P:1\\")</script><div hidden id=\\"S:2\\"><div data-testid=\\"1\\">3<!-- --> <!-- -->Orange</div></div><script>$RS(\\"S:2\\",\\"P:2\\")</script><div hidden id=\\"S:3\\"><div data-testid=\\"2\\">3<!-- --> <!-- -->Banana</div></div><script>$RS(\\"S:3\\",\\"P:3\\")</script><script>function $RC(a,b){a=document.getElementById(a);b=document.getElementById(b);b.parentNode.removeChild(b);if(a){a=a.previousSibling;var f=a.parentNode,c=a.nextSibling,e=0;do{if(c&&8===c.nodeType){var d=c.data;if(\\"/$\\"===d)if(0===e)break;else e--;else\\"$\\"!==d&&\\"$?\\"!==d&&\\"$!\\"!==d||e++}d=c.nextSibling;f.removeChild(c);c=d}while(c);for(;b.firstChild;)f.insertBefore(b.firstChild,c);a.data=\\"$\\";a._reactRetry&&a._reactRetry()}};$RC(\\"B:0\\",\\"S:0\\")</script>"`;

exports[`server-side rendering 2`] = `
Array [
  Object {
    "children": Array [
      Object {
        "value": "apple",
      },
      Object {
        "value": "orange",
      },
      Object {
        "value": "banana",
      },
    ],
  },
]
`;
