// Jest Snapshot v1, https://goo.gl/fbAQLP

exports[`server-side rendering 1`] = `
Array [
  Object {
    "children": Array [
      Object {
        "value": "apple",
      },
      Object {
        "value": "orange",
      },
      Object {
        "value": "banana",
      },
    ],
  },
]
`;
