// Jest Snapshot v1, https://goo.gl/fbAQLP

exports[`renders and computes layout 1`] = `
<div>
  <div
    style="width: 200px; height: 133.33333333333334px; top: 201px; left: 134.33333333333334px;"
  >
    Box
  </div>
</div>
`;
