// Jest Snapshot v1, https://goo.gl/fbAQLP

exports[`changing rendered elements based on computed data 1`] = `"<div hidden id=\\"S:1\\"></div><script>function $RS(a,b){a=document.getElementById(a);b=document.getElementById(b);for(a.parentNode.removeChild(a);a.firstChild;)b.parentNode.insertBefore(a.firstChild,b);b.parentNode.removeChild(b)};$RS(\\"S:1\\",\\"P:1\\")</script><script>function $RC(a,b){a=document.getElementById(a);b=document.getElementById(b);b.parentNode.removeChild(b);if(a){a=a.previousSibling;var f=a.parentNode,c=a.nextSibling,e=0;do{if(c&&8===c.nodeType){var d=c.data;if(\\"/$\\"===d)if(0===e)break;else e--;else\\"$\\"!==d&&\\"$?\\"!==d&&\\"$!\\"!==d||e++}d=c.nextSibling;f.removeChild(c);c=d}while(c);for(;b.firstChild;)f.insertBefore(b.firstChild,c);a.data=\\"$\\";a._reactRetry&&a._reactRetry()}};$RC(\\"B:0\\",\\"S:0\\")</script>"`;

exports[`computed data renders on server 1`] = `"<div hidden id=\\"S:1\\"><div data-testid=\\"0\\">3<!-- --> <!-- -->Apple</div></div><script>function $RS(a,b){a=document.getElementById(a);b=document.getElementById(b);for(a.parentNode.removeChild(a);a.firstChild;)b.parentNode.insertBefore(a.firstChild,b);b.parentNode.removeChild(b)};$RS(\\"S:1\\",\\"P:1\\")</script><div hidden id=\\"S:2\\"><div data-testid=\\"1\\">3<!-- --> <!-- -->Orange</div></div><script>$RS(\\"S:2\\",\\"P:2\\")</script><div hidden id=\\"S:3\\"><div data-testid=\\"2\\">3<!-- --> <!-- -->Banana</div></div><script>$RS(\\"S:3\\",\\"P:3\\")</script><script>function $RC(a,b){a=document.getElementById(a);b=document.getElementById(b);b.parentNode.removeChild(b);if(a){a=a.previousSibling;var f=a.parentNode,c=a.nextSibling,e=0;do{if(c&&8===c.nodeType){var d=c.data;if(\\"/$\\"===d)if(0===e)break;else e--;else\\"$\\"!==d&&\\"$?\\"!==d&&\\"$!\\"!==d||e++}d=c.nextSibling;f.removeChild(c);c=d}while(c);for(;b.firstChild;)f.insertBefore(b.firstChild,c);a.data=\\"$\\";a._reactRetry&&a._reactRetry()}};$RC(\\"B:0\\",\\"S:0\\")</script>"`;

exports[`computed data renders on server 2`] = `"{\\"R0\\":{\\"R3\\":{\\"generatedId\\":\\"R3\\",\\"indexPathString\\":\\"0\\",\\"value\\":\\"apple\\"},\\"R5\\":{\\"generatedId\\":\\"R5\\",\\"indexPathString\\":\\"1\\",\\"value\\":\\"orange\\"},\\"R7\\":{\\"generatedId\\":\\"R7\\",\\"indexPathString\\":\\"2\\",\\"value\\":\\"banana\\"}}}"`;

exports[`tree collection 1`] = `"<div hidden id=\\"S:1\\"><div style=\\"width:200px;height:133.33333333333334px;top:201px;left:134.33333333333334px\\">Box</div></div><script>function $RS(a,b){a=document.getElementById(a);b=document.getElementById(b);for(a.parentNode.removeChild(a);a.firstChild;)b.parentNode.insertBefore(a.firstChild,b);b.parentNode.removeChild(b)};$RS(\\"S:1\\",\\"P:1\\")</script><script>function $RC(a,b){a=document.getElementById(a);b=document.getElementById(b);b.parentNode.removeChild(b);if(a){a=a.previousSibling;var f=a.parentNode,c=a.nextSibling,e=0;do{if(c&&8===c.nodeType){var d=c.data;if(\\"/$\\"===d)if(0===e)break;else e--;else\\"$\\"!==d&&\\"$?\\"!==d&&\\"$!\\"!==d||e++}d=c.nextSibling;f.removeChild(c);c=d}while(c);for(;b.firstChild;)f.insertBefore(b.firstChild,c);a.data=\\"$\\";a._reactRetry&&a._reactRetry()}};$RC(\\"B:0\\",\\"S:0\\")</script>"`;

exports[`tree collection 2`] = `"{\\"R0\\":{\\"R3H1\\":{\\"generatedId\\":\\"R3H1\\",\\"indexPathString\\":\\"0\\",\\"type\\":\\"row\\",\\"id\\":null,\\"width\\":\\"auto\\",\\"height\\":\\"auto\\",\\"weight\\":1,\\"children\\":[]},\\"Rf\\":{\\"generatedId\\":\\"Rf\\",\\"indexPathString\\":\\"0.0\\",\\"type\\":\\"space\\",\\"width\\":\\"fill\\",\\"height\\":\\"fill\\",\\"id\\":null,\\"weight\\":1},\\"RnH1\\":{\\"generatedId\\":\\"RnH1\\",\\"indexPathString\\":\\"0.1\\",\\"type\\":\\"column\\",\\"id\\":null,\\"width\\":\\"auto\\",\\"height\\":\\"auto\\",\\"weight\\":1},\\"R3n\\":{\\"generatedId\\":\\"R3n\\",\\"indexPathString\\":\\"0.1.0\\",\\"type\\":\\"space\\",\\"width\\":\\"fill\\",\\"height\\":\\"fill\\",\\"id\\":null,\\"weight\\":1},\\"R5n\\":{\\"generatedId\\":\\"R5n\\",\\"indexPathString\\":\\"0.1.1\\",\\"type\\":\\"node\\",\\"width\\":\\"fill\\",\\"height\\":\\"fill\\",\\"id\\":null,\\"weight\\":1},\\"R7n\\":{\\"generatedId\\":\\"R7n\\",\\"indexPathString\\":\\"0.1.2\\",\\"type\\":\\"space\\",\\"width\\":\\"fill\\",\\"height\\":\\"fill\\",\\"id\\":null,\\"weight\\":1},\\"Rv\\":{\\"generatedId\\":\\"Rv\\",\\"indexPathString\\":\\"0.2\\",\\"type\\":\\"space\\",\\"width\\":\\"fill\\",\\"height\\":\\"fill\\",\\"id\\":null,\\"weight\\":1}}}"`;
